// Jest Snapshot v1, https://goo.gl/fbAQLP

exports[`matches snapshot 1`] = `
<DocumentFragment>
  <form
    style="display: flex; flex-direction: column;"
  >
    <div>
      <label
        for="backgroundColor"
      >
        Background color: 
      </label>
      <input
        name="backgroundColor"
        type="color"
        value="#000000"
      />
    </div>
    <div>
      <label
        for="height"
      >
        Height: 
      </label>
      <input
        name="height"
        type="number"
        value="100"
      />
    </div>
    <div>
      <label
        for="width"
      >
        Width: 
      </label>
      <input
        name="width"
        type="number"
        value="100"
      />
    </div>
    <button>
      Create
    </button>
  </form>
</DocumentFragment>
`;
